// Jest Snapshot v1, https://goo.gl/fbAQLP

exports[`Correctly renders the ErrorIndicator component 1`] = `
<div
  className="cities__status-wrapper tabs__content"
>
  <b
    className="cities__status"
  >
    We're sorry
  </b>
  <p
    className="cities__status-description"
  >
    It's been an error during the process of 
    loading of the list of reviews
    . Please, reload the page and try again
  </p>
</div>
`;
