// Jest Snapshot v1, https://goo.gl/fbAQLP

exports[`Correctly renders the FormContainer component when hasUserReview property is equal true and isLoggedIn property is equal true 1`] = `null`;

exports[`Correctly renders the FormContainer component when isLoggedIn property is equal false and hasUserReview property is equal false 1`] = `null`;

exports[`Correctly renders the FormContainer component when isReviewError property is equal true, hasUserReview property is equal false, isLoggedIn property is equal
        true and isReviewLoading property is equal false 1`] = `
<div
  className="cities__status-wrapper tabs__content"
>
  <b
    className="cities__status"
  >
    We're sorry
  </b>
  <p
    className="cities__status-description"
  >
    It's been an error during the process of 
    uploading of your review
    . Please, reload the page and try again
  </p>
</div>
`;

exports[`Correctly renders the FormContainer component when isReviewError, hasUserReview, isReviewLoading properties are equal false and isLoggedIn property is equal
        true 1`] = `
<form
  action="#"
  className="reviews__form form"
  method="post"
  onSubmit={[Function]}
>
  <label
    className="reviews__label form__label"
    htmlFor="review"
  >
    Your review
  </label>
  <div
    className="reviews__rating-form form__rating"
  >
    <input
      className="form__rating-input visually-hidden"
      id="5-stars"
      name="rating"
      onChange={[Function]}
      type="radio"
      value={5}
    />
    <label
      className="reviews__rating-label form__rating-label"
      htmlFor="5-stars"
      title="perfect"
    >
      <svg
        className="form__star-image"
        height="33"
        width="37"
      >
        <use
          xlinkHref="#icon-star"
        />
      </svg>
    </label>
    <input
      className="form__rating-input visually-hidden"
      id="4-stars"
      name="rating"
      onChange={[Function]}
      type="radio"
      value={4}
    />
    <label
      className="reviews__rating-label form__rating-label"
      htmlFor="4-stars"
      title="good"
    >
      <svg
        className="form__star-image"
        height="33"
        width="37"
      >
        <use
          xlinkHref="#icon-star"
        />
      </svg>
    </label>
    <input
      className="form__rating-input visually-hidden"
      id="3-stars"
      name="rating"
      onChange={[Function]}
      type="radio"
      value={3}
    />
    <label
      className="reviews__rating-label form__rating-label"
      htmlFor="3-stars"
      title="not bad"
    >
      <svg
        className="form__star-image"
        height="33"
        width="37"
      >
        <use
          xlinkHref="#icon-star"
        />
      </svg>
    </label>
    <input
      className="form__rating-input visually-hidden"
      id="2-stars"
      name="rating"
      onChange={[Function]}
      type="radio"
      value={2}
    />
    <label
      className="reviews__rating-label form__rating-label"
      htmlFor="2-stars"
      title="badly"
    >
      <svg
        className="form__star-image"
        height="33"
        width="37"
      >
        <use
          xlinkHref="#icon-star"
        />
      </svg>
    </label>
    <input
      className="form__rating-input visually-hidden"
      id="1-stars"
      name="rating"
      onChange={[Function]}
      type="radio"
      value={1}
    />
    <label
      className="reviews__rating-label form__rating-label"
      htmlFor="1-stars"
      title="terribly"
    >
      <svg
        className="form__star-image"
        height="33"
        width="37"
      >
        <use
          xlinkHref="#icon-star"
        />
      </svg>
    </label>
  </div>
  <textarea
    className="reviews__textarea form__textarea"
    id="review"
    name="review"
    onChange={[Function]}
    placeholder="Tell how was your stay, what you like and what can be improved"
    value=""
  />
  <div
    className="reviews__button-wrapper"
  >
    <p
      className="reviews__help"
    >
      To submit review please make sure to set 
      <span
        className="reviews__star"
      >
        rating
      </span>
       and describe your stay with at least 
      <b
        className="reviews__text-amount"
      >
        50 characters
      </b>
      .
    </p>
    <button
      className="reviews__submit form__submit button"
      disabled={true}
      title="Submit review"
      type="submit"
    >
      Submit
    </button>
  </div>
</form>
`;

exports[`Correctly renders the FormContainer component when isReviewLoading property is equal true, hasUserReview property is equal false and isLoggedIn property is
        equal true 1`] = `
<div
  className="spinner"
>
  <div
    className="spinnerContent"
  >
    <div />
    <div />
    <div />
    <div />
    <div />
    <div />
    <div />
    <div />
    <div />
    <div />
    <div />
    <div />
  </div>
</div>
`;
