// Jest Snapshot v1, https://goo.gl/fbAQLP

exports[`Correctly renders the Reviews component 1`] = `
Array [
  <li
    className="reviews__item"
  >
    <div
      className="reviews__user user"
    >
      <div
        className="reviews__avatar-wrapper user__avatar-wrapper"
      >
        <img
          alt="Reviews avatar"
          className="reviews__avatar user__avatar"
          height="54"
          src="https://htmlacademy-react-3.appspot.com/six-cities/static/avatar/6.jpg"
          width="54"
        />
      </div>
      <span
        className="reviews__user-name"
      >
        Kendall
      </span>
    </div>
    <div
      className="reviews__info"
    >
      <div
        className="reviews__rating rating"
      >
        <div
          className="reviews__stars rating__stars"
        >
          <span
            style={
              Object {
                "width": "60%",
              }
            }
          />
          <span
            className="visually-hidden"
          >
            Rating
          </span>
        </div>
      </div>
      <p
        className="reviews__text"
      >
        I stayed here for one night and it was an unpleasant experience.
      </p>
      <time
        className="reviews__time"
        dateTime="2020-4-14"
      >
        April 2020
      </time>
    </div>
  </li>,
  <li
    className="reviews__item"
  >
    <div
      className="reviews__user user"
    >
      <div
        className="reviews__avatar-wrapper user__avatar-wrapper"
      >
        <img
          alt="Reviews avatar"
          className="reviews__avatar user__avatar"
          height="54"
          src="https://htmlacademy-react-3.appspot.com/six-cities/static/avatar/4.jpg"
          width="54"
        />
      </div>
      <span
        className="reviews__user-name"
      >
        Zak
      </span>
    </div>
    <div
      className="reviews__info"
    >
      <div
        className="reviews__rating rating"
      >
        <div
          className="reviews__stars rating__stars"
        >
          <span
            style={
              Object {
                "width": "40%",
              }
            }
          />
          <span
            className="visually-hidden"
          >
            Rating
          </span>
        </div>
      </div>
      <p
        className="reviews__text"
      >
        What an amazing view! The house is stunning and in an amazing location. The large glass wall had an
    amazing view of the river!
      </p>
      <time
        className="reviews__time"
        dateTime="2020-4-14"
      >
        April 2020
      </time>
    </div>
  </li>,
]
`;
