// Jest Snapshot v1, https://goo.gl/fbAQLP

exports[`Correctly renders the Header component when isAuthStatusError and isMain properties are equal true, isAuthStatusLoading and isLoggedIn properties are
        equal false 1`] = `
<header
  className="header"
>
  <div
    className="container"
  >
    <div
      className="header__wrapper"
    >
      <div
        className="header__left"
      >
        <a
          className="header__logo-link header__logo-link--active"
        >
          <img
            alt="6 cities logo"
            className="header__logo"
            height="41"
            src="logo.svg"
            width="81"
          />
        </a>
      </div>
      <nav
        className="header__nav"
      >
        <ul
          className="header__nav-list"
        >
          <li
            className="header__nav-item user"
          >
            <div>
              Authorization failed. Please, reload the page and try again
            </div>
          </li>
        </ul>
      </nav>
    </div>
  </div>
</header>
`;

exports[`Correctly renders the Header component when isAuthStatusError property is equal true, isAuthStatusLoading, isMain and isLoggedIn properties are equal
        false 1`] = `
<header
  className="header"
>
  <div
    className="container"
  >
    <div
      className="header__wrapper"
    >
      <div
        className="header__left"
      >
        <a
          className="header__logo-link"
          href="/"
          onClick={[Function]}
          title="To the main page"
        >
          <img
            alt="6 cities logo"
            className="header__logo"
            height="41"
            src="logo.svg"
            width="81"
          />
        </a>
      </div>
      <nav
        className="header__nav"
      >
        <ul
          className="header__nav-list"
        >
          <li
            className="header__nav-item user"
          >
            <div>
              Authorization failed. Please, reload the page and try again
            </div>
          </li>
        </ul>
      </nav>
    </div>
  </div>
</header>
`;

exports[`Correctly renders the Header component when isAuthStatusLoading and isMain properties are equal true, isAuthStatusError and isLoggedIn properties are
        equal false 1`] = `
<header
  className="header"
>
  <div
    className="container"
  >
    <div
      className="header__wrapper"
    >
      <div
        className="header__left"
      >
        <a
          className="header__logo-link header__logo-link--active"
        >
          <img
            alt="6 cities logo"
            className="header__logo"
            height="41"
            src="logo.svg"
            width="81"
          />
        </a>
      </div>
      <nav
        className="header__nav"
      >
        <ul
          className="header__nav-list"
        >
          <li
            className="header__nav-item user"
          >
            <div>
              Authorization...
            </div>
          </li>
        </ul>
      </nav>
    </div>
  </div>
</header>
`;

exports[`Correctly renders the Header component when isAuthStatusLoading property is equal true, isAuthStatusError, isLoggedIn, and isMain properties are equal
        false 1`] = `
<header
  className="header"
>
  <div
    className="container"
  >
    <div
      className="header__wrapper"
    >
      <div
        className="header__left"
      >
        <a
          className="header__logo-link"
          href="/"
          onClick={[Function]}
          title="To the main page"
        >
          <img
            alt="6 cities logo"
            className="header__logo"
            height="41"
            src="logo.svg"
            width="81"
          />
        </a>
      </div>
      <nav
        className="header__nav"
      >
        <ul
          className="header__nav-list"
        >
          <li
            className="header__nav-item user"
          >
            <div>
              Authorization...
            </div>
          </li>
        </ul>
      </nav>
    </div>
  </div>
</header>
`;

exports[`Correctly renders the Header component when isLoggedIn and isMain properties are equal true, isAuthStatusLoading and isAuthStatusError properties are
        equal false 1`] = `
<header
  className="header"
>
  <div
    className="container"
  >
    <div
      className="header__wrapper"
    >
      <div
        className="header__left"
      >
        <a
          className="header__logo-link header__logo-link--active"
        >
          <img
            alt="6 cities logo"
            className="header__logo"
            height="41"
            src="logo.svg"
            width="81"
          />
        </a>
      </div>
      <nav
        className="header__nav"
      >
        <ul
          className="header__nav-list"
        >
          <li
            className="header__nav-item user"
          >
            <a
              className="header__nav-link header__nav-link--profile"
              href="/favorites"
              onClick={[Function]}
              title="To the favorites page"
            >
              <div
                className="header__avatar-wrapper user__avatar-wrapper"
              />
              <span
                className="header__user-name user__name"
              >
                example@.ru
              </span>
            </a>
          </li>
        </ul>
      </nav>
    </div>
  </div>
</header>
`;

exports[`Correctly renders the Header component when isLoggedIn property is equal true, isAuthStatusLoading, isMain and isAuthStatusError properties are equal
        false 1`] = `
<header
  className="header"
>
  <div
    className="container"
  >
    <div
      className="header__wrapper"
    >
      <div
        className="header__left"
      >
        <a
          className="header__logo-link"
          href="/"
          onClick={[Function]}
          title="To the main page"
        >
          <img
            alt="6 cities logo"
            className="header__logo"
            height="41"
            src="logo.svg"
            width="81"
          />
        </a>
      </div>
      <nav
        className="header__nav"
      >
        <ul
          className="header__nav-list"
        >
          <li
            className="header__nav-item user"
          >
            <a
              className="header__nav-link header__nav-link--profile"
              href="/favorites"
              onClick={[Function]}
              title="To the favorites page"
            >
              <div
                className="header__avatar-wrapper user__avatar-wrapper"
              />
              <span
                className="header__user-name user__name"
              >
                example@.ru
              </span>
            </a>
          </li>
        </ul>
      </nav>
    </div>
  </div>
</header>
`;
