// Jest Snapshot v1, https://goo.gl/fbAQLP

exports[`Correctly renders the Spinner component  1`] = `
<div
  className="spinner"
>
  <div
    className="spinnerContent"
  >
    <div />
    <div />
    <div />
    <div />
    <div />
    <div />
    <div />
    <div />
    <div />
    <div />
    <div />
    <div />
  </div>
</div>
`;
