// Jest Snapshot v1, https://goo.gl/fbAQLP

exports[`Testing of markup Correctly renders 1`] = `
<p
  onClick={[MockFunction]}
>
  Hello!!
</p>
`;
