// Jest Snapshot v1, https://goo.gl/fbAQLP

exports[`Correctly renders the ReviewsContainer component when both isReviewsError and isReviewsLoading properties are equal false 1`] = `
<section
  className="property__reviews reviews"
>
  <h2
    className="reviews__title"
  >
    Reviews Â· 
    <span
      className="reviews__amount"
    >
      2
    </span>
  </h2>
  <ul
    className="reviews__list"
  >
    <li
      className="reviews__item"
    >
      <div
        className="reviews__user user"
      >
        <div
          className="reviews__avatar-wrapper user__avatar-wrapper"
        >
          <img
            alt="Reviews avatar"
            className="reviews__avatar user__avatar"
            height="54"
            src="https://htmlacademy-react-3.appspot.com/six-cities/static/avatar/6.jpg"
            width="54"
          />
        </div>
        <span
          className="reviews__user-name"
        >
          Kendall
        </span>
      </div>
      <div
        className="reviews__info"
      >
        <div
          className="reviews__rating rating"
        >
          <div
            className="reviews__stars rating__stars"
          >
            <span
              style={
                Object {
                  "width": "60%",
                }
              }
            />
            <span
              className="visually-hidden"
            >
              Rating
            </span>
          </div>
        </div>
        <p
          className="reviews__text"
        >
          I stayed here for one night and it was an unpleasant experience.
        </p>
        <time
          className="reviews__time"
          dateTime="2020-4-14"
        >
          April 2020
        </time>
      </div>
    </li>
    <li
      className="reviews__item"
    >
      <div
        className="reviews__user user"
      >
        <div
          className="reviews__avatar-wrapper user__avatar-wrapper"
        >
          <img
            alt="Reviews avatar"
            className="reviews__avatar user__avatar"
            height="54"
            src="https://htmlacademy-react-3.appspot.com/six-cities/static/avatar/4.jpg"
            width="54"
          />
        </div>
        <span
          className="reviews__user-name"
        >
          Zak
        </span>
      </div>
      <div
        className="reviews__info"
      >
        <div
          className="reviews__rating rating"
        >
          <div
            className="reviews__stars rating__stars"
          >
            <span
              style={
                Object {
                  "width": "40%",
                }
              }
            />
            <span
              className="visually-hidden"
            >
              Rating
            </span>
          </div>
        </div>
        <p
          className="reviews__text"
        >
          What an amazing view! The house is stunning and in an amazing location. The large glass wall had an
    amazing view of the river!
        </p>
        <time
          className="reviews__time"
          dateTime="2020-4-14"
        >
          April 2020
        </time>
      </div>
    </li>
  </ul>
</section>
`;

exports[`Correctly renders the ReviewsContainer component when isReviewsError property is equal true and isReviewsLoading property is equal false 1`] = `
<div
  className="cities__status-wrapper tabs__content"
>
  <b
    className="cities__status"
  >
    We're sorry
  </b>
  <p
    className="cities__status-description"
  >
    It's been an error during the process of 
    loading of the list of reviews
    . Please, reload the page and try again
  </p>
</div>
`;

exports[`Correctly renders the ReviewsContainer component when isReviewsLoading property is equal true and isReviewsError property is equal false 1`] = `
<div
  className="spinner"
>
  <div
    className="spinnerContent"
  >
    <div />
    <div />
    <div />
    <div />
    <div />
    <div />
    <div />
    <div />
    <div />
    <div />
    <div />
    <div />
  </div>
</div>
`;
